Java HotSpot(TM) 64-Bit Server VM (25.221-b11) for bsd-amd64 JRE (1.8.0_221-b11), built on Jul  4 2019 04:36:22 by "java_re" with gcc 4.2.1 (Based on Apple Inc. build 5658) (LLVM build 2336.11.00)
Memory: 4k page, physical 16777216k(434508k free)

/proc/meminfo:

CommandLine flags: -XX:+CMSClassUnloadingEnabled -XX:CMSFullGCsBeforeCompaction=0 -XX:CMSInitiatingOccupancyFraction=70 -XX:+CMSParallelRemarkEnabled -XX:+CMSScavengeBeforeRemark -XX:CompressedClassSpaceSize=260046848 -XX:ErrorFile=./log/jvm_error.log -XX:+ExplicitGCInvokesConcurrentAndUnloadsClasses -XX:+HeapDumpOnOutOfMemoryError -XX:HeapDumpPath=./log/hprof/ -XX:InitialHeapSize=4294967296 -XX:MaxHeapSize=5767168000 -XX:MaxMetaspaceSize=268435456 -XX:MaxNewSize=2147483648 -XX:MaxTenuringThreshold=6 -XX:MetaspaceSize=268435456 -XX:NewSize=2147483648 -XX:OldPLABSize=16 -XX:-OmitStackTraceInFastThrow -XX:+ParallelRefProcEnabled -XX:+PrintGC -XX:+PrintGCApplicationConcurrentTime -XX:+PrintGCApplicationStoppedTime -XX:+PrintGCDateStamps -XX:+PrintGCDetails -XX:+PrintGCTimeStamps -XX:+PrintSafepointStatistics -XX:PrintSafepointStatisticsCount=1 -XX:+ScavengeBeforeFullGC -XX:-UseBiasedLocking -XX:+UseCMSCompactAtFullCollection -XX:+UseCMSInitiatingOccupancyOnly -XX:+UseCompressedClassPointers -XX:+UseCompressedOops -XX:+UseConcMarkSweepGC -XX:-UseCounterDecay -XX:+UseParNewGC 
2023-08-11T23:43:18.291-0800: 1.049: Application time: 0.8225633 seconds
2023-08-11T23:43:18.301-0800: 1.059: Total time for which application threads were stopped: 0.0097277 seconds, Stopping threads took: 0.0096137 seconds
2023-08-11T23:43:19.305-0800: 2.063: Application time: 1.0044398 seconds
2023-08-11T23:43:19.305-0800: 2.064: Total time for which application threads were stopped: 0.0003659 seconds, Stopping threads took: 0.0002717 seconds
2023-08-11T23:43:20.309-0800: 3.068: Application time: 1.0041050 seconds
2023-08-11T23:43:20.310-0800: 3.068: Total time for which application threads were stopped: 0.0007896 seconds, Stopping threads took: 0.0005810 seconds
2023-08-11T23:43:21.466-0800: 4.224: Application time: 1.1558205 seconds
2023-08-11T23:43:21.466-0800: 4.224: [GC (Allocation Failure) 2023-08-11T23:43:21.466-0800: 4.225: [ParNew: 1677824K->3890K(1887488K), 0.0180466 secs] 1677824K->3890K(3984640K), 0.0182424 secs] [Times: user=0.06 sys=0.05, real=0.02 secs] 
2023-08-11T23:43:21.484-0800: 4.243: Total time for which application threads were stopped: 0.0184028 seconds, Stopping threads took: 0.0000173 seconds
2023-08-11T23:43:24.214-0800: 6.972: Application time: 2.7290413 seconds
2023-08-11T23:43:24.214-0800: 6.972: [GC (Allocation Failure) 2023-08-11T23:43:24.214-0800: 6.972: [ParNew: 1681714K->26101K(1887488K), 0.0306070 secs] 1681714K->26101K(3984640K), 0.0308188 secs] [Times: user=0.14 sys=0.02, real=0.03 secs] 
2023-08-11T23:43:24.245-0800: 7.003: Total time for which application threads were stopped: 0.0311522 seconds, Stopping threads took: 0.0000211 seconds
2023-08-11T23:43:26.009-0800: 8.767: Application time: 1.7643697 seconds
2023-08-11T23:43:26.009-0800: 8.767: [GC (Allocation Failure) 2023-08-11T23:43:26.009-0800: 8.767: [ParNew: 1703925K->40601K(1887488K), 0.0357903 secs] 1703925K->40601K(3984640K), 0.0358891 secs] [Times: user=0.18 sys=0.03, real=0.04 secs] 
2023-08-11T23:43:26.045-0800: 8.803: Total time for which application threads were stopped: 0.0360395 seconds, Stopping threads took: 0.0000172 seconds
2023-08-11T23:43:27.548-0800: 10.306: Application time: 1.5030480 seconds
2023-08-11T23:43:27.548-0800: 10.306: [GC (Allocation Failure) 2023-08-11T23:43:27.548-0800: 10.306: [ParNew: 1718425K->30457K(1887488K), 0.0132665 secs] 1718425K->30457K(3984640K), 0.0133516 secs] [Times: user=0.08 sys=0.00, real=0.02 secs] 
2023-08-11T23:43:27.562-0800: 10.320: Total time for which application threads were stopped: 0.0134788 seconds, Stopping threads took: 0.0000155 seconds
2023-08-11T23:43:28.923-0800: 11.681: Application time: 1.3608319 seconds
2023-08-11T23:43:28.923-0800: 11.681: [GC (Allocation Failure) 2023-08-11T23:43:28.923-0800: 11.681: [ParNew: 1707115K->35800K(1887488K), 0.1822198 secs] 1707115K->35800K(3984640K), 0.1823503 secs] [Times: user=0.15 sys=0.01, real=0.18 secs] 
2023-08-11T23:43:29.105-0800: 11.863: Total time for which application threads were stopped: 0.1824971 seconds, Stopping threads took: 0.0000162 seconds
2023-08-11T23:43:30.530-0800: 13.288: Application time: 1.4251808 seconds
2023-08-11T23:43:30.530-0800: 13.288: [GC (Allocation Failure) 2023-08-11T23:43:30.530-0800: 13.289: [ParNew: 1713624K->27035K(1887488K), 0.0130963 secs] 1713624K->27035K(3984640K), 0.0132240 secs] [Times: user=0.08 sys=0.00, real=0.01 secs] 
2023-08-11T23:43:30.544-0800: 13.302: Total time for which application threads were stopped: 0.0133894 seconds, Stopping threads took: 0.0000217 seconds
2023-08-11T23:43:31.924-0800: 14.682: Application time: 1.3804265 seconds
2023-08-11T23:43:31.924-0800: 14.682: [GC (Allocation Failure) 2023-08-11T23:43:31.924-0800: 14.682: [ParNew: 1704016K->39947K(1887488K), 0.0360731 secs] 1704016K->40919K(3984640K), 0.0361648 secs] [Times: user=0.15 sys=0.01, real=0.04 secs] 
2023-08-11T23:43:31.960-0800: 14.718: Total time for which application threads were stopped: 0.0363418 seconds, Stopping threads took: 0.0000168 seconds
2023-08-11T23:43:33.616-0800: 16.374: Application time: 1.6554585 seconds
2023-08-11T23:43:33.616-0800: 16.374: [GC (Allocation Failure) 2023-08-11T23:43:33.616-0800: 16.374: [ParNew: 1717771K->23231K(1887488K), 0.0143126 secs] 1718743K->24203K(3984640K), 0.0143862 secs] [Times: user=0.09 sys=0.00, real=0.02 secs] 
2023-08-11T23:43:33.630-0800: 16.388: Total time for which application threads were stopped: 0.0145110 seconds, Stopping threads took: 0.0000183 seconds
2023-08-11T23:43:34.961-0800: 17.719: Application time: 1.3308982 seconds
2023-08-11T23:43:34.961-0800: 17.719: [GC (Allocation Failure) 2023-08-11T23:43:34.961-0800: 17.719: [ParNew: 1701055K->45537K(1887488K), 0.0256224 secs] 1702027K->46509K(3984640K), 0.0257076 secs] [Times: user=0.14 sys=0.00, real=0.02 secs] 
2023-08-11T23:43:34.987-0800: 17.745: Total time for which application threads were stopped: 0.0258383 seconds, Stopping threads took: 0.0000170 seconds
2023-08-11T23:43:36.344-0800: 19.102: Application time: 1.3568643 seconds
2023-08-11T23:43:36.344-0800: 19.102: [GC (Allocation Failure) 2023-08-11T23:43:36.344-0800: 19.102: [ParNew: 1723361K->27877K(1887488K), 0.0156104 secs] 1724333K->28849K(3984640K), 0.0157100 secs] [Times: user=0.08 sys=0.00, real=0.02 secs] 
2023-08-11T23:43:36.360-0800: 19.118: Total time for which application threads were stopped: 0.0158441 seconds, Stopping threads took: 0.0000189 seconds
2023-08-11T23:43:37.692-0800: 20.450: Application time: 1.3322634 seconds
2023-08-11T23:43:37.692-0800: 20.450: [GC (Allocation Failure) 2023-08-11T23:43:37.692-0800: 20.450: [ParNew: 1705701K->37983K(1887488K), 0.0256838 secs] 1706673K->38955K(3984640K), 0.0257548 secs] [Times: user=0.14 sys=0.01, real=0.02 secs] 
2023-08-11T23:43:37.718-0800: 20.476: Total time for which application threads were stopped: 0.0258756 seconds, Stopping threads took: 0.0000165 seconds
2023-08-11T23:43:39.122-0800: 21.880: Application time: 1.4037534 seconds
2023-08-11T23:43:39.122-0800: 21.880: [GC (Allocation Failure) 2023-08-11T23:43:39.122-0800: 21.880: [ParNew: 1715807K->22346K(1887488K), 0.0144620 secs] 1716779K->23319K(3984640K), 0.0145430 secs] [Times: user=0.08 sys=0.00, real=0.01 secs] 
2023-08-11T23:43:39.136-0800: 21.894: Total time for which application threads were stopped: 0.0146751 seconds, Stopping threads took: 0.0000185 seconds
2023-08-11T23:43:40.474-0800: 23.232: Application time: 1.3375853 seconds
2023-08-11T23:43:40.474-0800: 23.232: [GC (Allocation Failure) 2023-08-11T23:43:40.474-0800: 23.232: [ParNew: 1700170K->37722K(1887488K), 0.0222356 secs] 1701143K->38694K(3984640K), 0.0223169 secs] [Times: user=0.15 sys=0.00, real=0.02 secs] 
2023-08-11T23:43:40.497-0800: 23.255: Total time for which application threads were stopped: 0.0224372 seconds, Stopping threads took: 0.0000167 seconds
2023-08-11T23:43:41.902-0800: 24.660: Application time: 1.4051130 seconds
2023-08-11T23:43:41.902-0800: 24.660: [GC (Allocation Failure) 2023-08-11T23:43:41.902-0800: 24.660: [ParNew: 1715546K->23254K(1887488K), 0.0150663 secs] 1716518K->24226K(3984640K), 0.0151723 secs] [Times: user=0.09 sys=0.01, real=0.01 secs] 
2023-08-11T23:43:41.917-0800: 24.675: Total time for which application threads were stopped: 0.0153026 seconds, Stopping threads took: 0.0000203 seconds
2023-08-11T23:43:43.520-0800: 26.278: Application time: 1.6029980 seconds
2023-08-11T23:43:43.520-0800: 26.278: [GC (Allocation Failure) 2023-08-11T23:43:43.520-0800: 26.278: [ParNew: 1696727K->38047K(1887488K), 0.0351973 secs] 1697700K->39019K(3984640K), 0.0353562 secs] [Times: user=0.15 sys=0.00, real=0.03 secs] 
2023-08-11T23:43:43.556-0800: 26.314: Total time for which application threads were stopped: 0.0356015 seconds, Stopping threads took: 0.0000203 seconds
2023-08-11T23:43:45.255-0800: 28.013: Application time: 1.6990043 seconds
2023-08-11T23:43:45.255-0800: 28.013: [GC (Allocation Failure) 2023-08-11T23:43:45.255-0800: 28.013: [ParNew: 1715871K->26339K(1887488K), 0.0162145 secs] 1716843K->27311K(3984640K), 0.0162853 secs] [Times: user=0.09 sys=0.00, real=0.02 secs] 
2023-08-11T23:43:45.271-0800: 28.029: Total time for which application threads were stopped: 0.0164095 seconds, Stopping threads took: 0.0000201 seconds
2023-08-11T23:43:46.777-0800: 29.535: Application time: 1.5061721 seconds
2023-08-11T23:43:46.777-0800: 29.535: [GC (Allocation Failure) 2023-08-11T23:43:46.777-0800: 29.535: [ParNew: 1698458K->38227K(1887488K), 0.0247584 secs] 1699430K->39199K(3984640K), 0.0248707 secs] [Times: user=0.15 sys=0.00, real=0.03 secs] 
2023-08-11T23:43:46.802-0800: 29.560: Total time for which application threads were stopped: 0.0250191 seconds, Stopping threads took: 0.0000232 seconds
2023-08-11T23:43:48.730-0800: 31.488: Application time: 1.9277933 seconds
2023-08-11T23:43:48.730-0800: 31.488: [GC (Allocation Failure) 2023-08-11T23:43:48.730-0800: 31.488: [ParNew: 1716051K->26101K(1887488K), 0.0243786 secs] 1717023K->27074K(3984640K), 0.0246348 secs] [Times: user=0.10 sys=0.00, real=0.02 secs] 
2023-08-11T23:43:48.755-0800: 31.513: Total time for which application threads were stopped: 0.0250657 seconds, Stopping threads took: 0.0000521 seconds
2023-08-11T23:43:50.509-0800: 33.267: Application time: 1.7542868 seconds
2023-08-11T23:43:50.510-0800: 33.267: [GC (Allocation Failure) 2023-08-11T23:43:50.510-0800: 33.267: [ParNew: 1697638K->41311K(1887488K), 0.0386466 secs] 1698611K->42283K(3984640K), 0.0387279 secs] [Times: user=0.15 sys=0.00, real=0.03 secs] 
2023-08-11T23:43:50.548-0800: 33.306: Total time for which application threads were stopped: 0.0388708 seconds, Stopping threads took: 0.0000171 seconds
2023-08-11T23:43:52.146-0800: 34.904: Application time: 1.5974415 seconds
2023-08-11T23:43:52.146-0800: 34.904: [GC (Allocation Failure) 2023-08-11T23:43:52.146-0800: 34.904: [ParNew: 1719135K->25297K(1887488K), 0.0168306 secs] 1720107K->26270K(3984640K), 0.0169103 secs] [Times: user=0.09 sys=0.00, real=0.02 secs] 
2023-08-11T23:43:52.163-0800: 34.921: Total time for which application threads were stopped: 0.0170369 seconds, Stopping threads took: 0.0000178 seconds
2023-08-11T23:43:53.613-0800: 36.371: Application time: 1.4501752 seconds
2023-08-11T23:43:53.613-0800: 36.371: [GC (Allocation Failure) 2023-08-11T23:43:53.613-0800: 36.371: [ParNew: 1698521K->38057K(1887488K), 0.0258465 secs] 1699494K->39029K(3984640K), 0.0260149 secs] [Times: user=0.15 sys=0.00, real=0.02 secs] 
2023-08-11T23:43:53.639-0800: 36.397: Total time for which application threads were stopped: 0.0262233 seconds, Stopping threads took: 0.0000181 seconds
2023-08-11T23:43:55.608-0800: 38.366: Application time: 1.9686676 seconds
2023-08-11T23:43:55.608-0800: 38.366: [GC (Allocation Failure) 2023-08-11T23:43:55.608-0800: 38.366: [ParNew: 1715881K->22243K(1887488K), 0.0186934 secs] 1716853K->23215K(3984640K), 0.0187775 secs] [Times: user=0.08 sys=0.00, real=0.02 secs] 
2023-08-11T23:43:55.627-0800: 38.385: Total time for which application threads were stopped: 0.0189309 seconds, Stopping threads took: 0.0000200 seconds
2023-08-11T23:43:57.091-0800: 39.849: Application time: 1.4642213 seconds
2023-08-11T23:43:57.091-0800: 39.849: [GC (Allocation Failure) 2023-08-11T23:43:57.091-0800: 39.849: [ParNew: 1700067K->38482K(1887488K), 0.0263876 secs] 1701039K->39454K(3984640K), 0.0265131 secs] [Times: user=0.13 sys=0.00, real=0.02 secs] 
2023-08-11T23:43:57.118-0800: 39.876: Total time for which application threads were stopped: 0.0266652 seconds, Stopping threads took: 0.0000184 seconds
2023-08-11T23:43:58.629-0800: 41.387: Application time: 1.5116038 seconds
2023-08-11T23:43:58.629-0800: 41.387: [GC (Allocation Failure) 2023-08-11T23:43:58.629-0800: 41.387: [ParNew: 1716306K->25878K(1887488K), 0.0150879 secs] 1717278K->26851K(3984640K), 0.0151728 secs] [Times: user=0.10 sys=0.00, real=0.02 secs] 
2023-08-11T23:43:58.645-0800: 41.402: Total time for which application threads were stopped: 0.0153115 seconds, Stopping threads took: 0.0000188 seconds
2023-08-11T23:44:00.424-0800: 43.182: Application time: 1.7792806 seconds
2023-08-11T23:44:00.424-0800: 43.182: [GC (Allocation Failure) 2023-08-11T23:44:00.424-0800: 43.182: [ParNew: 1703702K->39303K(1887488K), 0.0579184 secs] 1704675K->40275K(3984640K), 0.0583508 secs] [Times: user=0.16 sys=0.01, real=0.06 secs] 
2023-08-11T23:44:00.483-0800: 43.241: Total time for which application threads were stopped: 0.0589279 seconds, Stopping threads took: 0.0000276 seconds
2023-08-11T23:44:02.363-0800: 45.121: Application time: 1.8801968 seconds
2023-08-11T23:44:02.363-0800: 45.121: [GC (Allocation Failure) 2023-08-11T23:44:02.363-0800: 45.121: [ParNew: 1717127K->21713K(1887488K), 0.0166179 secs] 1718099K->22685K(3984640K), 0.0167182 secs] [Times: user=0.09 sys=0.01, real=0.02 secs] 
2023-08-11T23:44:02.380-0800: 45.138: Total time for which application threads were stopped: 0.0168701 seconds, Stopping threads took: 0.0000161 seconds
2023-08-11T23:44:03.932-0800: 46.690: Application time: 1.5523432 seconds
2023-08-11T23:44:03.932-0800: 46.690: [GC (Allocation Failure) 2023-08-11T23:44:03.932-0800: 46.690: [ParNew: 1699537K->37068K(1887488K), 0.0266199 secs] 1700509K->38041K(3984640K), 0.0267226 secs] [Times: user=0.16 sys=0.00, real=0.02 secs] 
2023-08-11T23:44:03.959-0800: 46.717: Total time for which application threads were stopped: 0.0269241 seconds, Stopping threads took: 0.0000234 seconds
2023-08-11T23:44:05.475-0800: 48.233: Application time: 1.5157321 seconds
2023-08-11T23:44:05.475-0800: 48.233: [GC (Allocation Failure) 2023-08-11T23:44:05.475-0800: 48.233: [ParNew: 1714892K->27910K(1887488K), 0.0219556 secs] 1715865K->28882K(3984640K), 0.0221117 secs] [Times: user=0.11 sys=0.01, real=0.02 secs] 
2023-08-11T23:44:05.497-0800: 48.255: Total time for which application threads were stopped: 0.0223970 seconds, Stopping threads took: 0.0000228 seconds
2023-08-11T23:44:07.103-0800: 49.861: Application time: 1.6056170 seconds
2023-08-11T23:44:07.103-0800: 49.861: [GC (Allocation Failure) 2023-08-11T23:44:07.103-0800: 49.861: [ParNew: 1701368K->38920K(1887488K), 0.0363931 secs] 1702340K->39892K(3984640K), 0.0365572 secs] [Times: user=0.16 sys=0.01, real=0.04 secs] 
2023-08-11T23:44:07.140-0800: 49.898: Total time for which application threads were stopped: 0.0367468 seconds, Stopping threads took: 0.0000216 seconds
2023-08-11T23:44:08.848-0800: 51.606: Application time: 1.7084958 seconds
2023-08-11T23:44:08.848-0800: 51.606: [GC (Allocation Failure) 2023-08-11T23:44:08.848-0800: 51.606: [ParNew: 1716744K->26314K(1887488K), 0.0175945 secs] 1717716K->27286K(3984640K), 0.0176813 secs] [Times: user=0.10 sys=0.01, real=0.02 secs] 
2023-08-11T23:44:08.866-0800: 51.624: Total time for which application threads were stopped: 0.0178164 seconds, Stopping threads took: 0.0000176 seconds
2023-08-11T23:44:10.379-0800: 53.137: Application time: 1.5131392 seconds
2023-08-11T23:44:10.379-0800: 53.137: [GC (Allocation Failure) 2023-08-11T23:44:10.379-0800: 53.137: [ParNew: 1698422K->38187K(1887488K), 0.0264116 secs] 1699394K->39159K(3984640K), 0.0265063 secs] [Times: user=0.15 sys=0.00, real=0.03 secs] 
2023-08-11T23:44:10.406-0800: 53.164: Total time for which application threads were stopped: 0.0266829 seconds, Stopping threads took: 0.0000172 seconds
2023-08-11T23:44:11.869-0800: 54.626: Application time: 1.4627738 seconds
2023-08-11T23:44:11.869-0800: 54.627: [GC (Allocation Failure) 2023-08-11T23:44:11.869-0800: 54.627: [ParNew: 1716011K->25277K(1887488K), 0.0169447 secs] 1716983K->26249K(3984640K), 0.0170645 secs] [Times: user=0.10 sys=0.00, real=0.02 secs] 
2023-08-11T23:44:11.886-0800: 54.644: Total time for which application threads were stopped: 0.0172554 seconds, Stopping threads took: 0.0000448 seconds
2023-08-11T23:44:13.308-0800: 56.066: Application time: 1.4222216 seconds
2023-08-11T23:44:13.308-0800: 56.066: [GC (Allocation Failure) 2023-08-11T23:44:13.308-0800: 56.066: [ParNew: 1696805K->37852K(1887488K), 0.0271091 secs] 1697777K->38824K(3984640K), 0.0272178 secs] [Times: user=0.15 sys=0.00, real=0.03 secs] 
2023-08-11T23:44:13.336-0800: 56.093: Total time for which application threads were stopped: 0.0273821 seconds, Stopping threads took: 0.0000184 seconds
2023-08-11T23:44:14.797-0800: 57.554: Application time: 1.4611815 seconds
2023-08-11T23:44:14.797-0800: 57.555: [GC (Allocation Failure) 2023-08-11T23:44:14.797-0800: 57.555: [ParNew: 1715676K->23170K(1887488K), 0.0158629 secs] 1716648K->24142K(3984640K), 0.0159445 secs] [Times: user=0.09 sys=0.00, real=0.02 secs] 
2023-08-11T23:44:14.813-0800: 57.571: Total time for which application threads were stopped: 0.0160735 seconds, Stopping threads took: 0.0000195 seconds
2023-08-11T23:44:16.223-0800: 58.980: Application time: 1.4096209 seconds
2023-08-11T23:44:16.223-0800: 58.980: [GC (Allocation Failure) 2023-08-11T23:44:16.223-0800: 58.980: [ParNew: 1696394K->41560K(1887488K), 0.0278882 secs] 1697367K->42533K(3984640K), 0.0280034 secs] [Times: user=0.14 sys=0.00, real=0.03 secs] 
2023-08-11T23:44:16.251-0800: 59.008: Total time for which application threads were stopped: 0.0281665 seconds, Stopping threads took: 0.0000165 seconds
2023-08-11T23:44:17.661-0800: 60.419: Application time: 1.4105553 seconds
2023-08-11T23:44:17.661-0800: 60.419: [GC (Allocation Failure) 2023-08-11T23:44:17.661-0800: 60.419: [ParNew: 1719384K->23674K(1887488K), 0.0137518 secs] 1720357K->24646K(3984640K), 0.0138247 secs] [Times: user=0.09 sys=0.00, real=0.01 secs] 
2023-08-11T23:44:17.675-0800: 60.433: Total time for which application threads were stopped: 0.0139432 seconds, Stopping threads took: 0.0000197 seconds
2023-08-11T23:44:19.036-0800: 61.794: Application time: 1.3611346 seconds
2023-08-11T23:44:19.036-0800: 61.794: [GC (Allocation Failure) 2023-08-11T23:44:19.037-0800: 61.794: [ParNew: 1701498K->38433K(1887488K), 0.0246461 secs] 1702470K->39405K(3984640K), 0.0247293 secs] [Times: user=0.15 sys=0.00, real=0.03 secs] 
2023-08-11T23:44:19.061-0800: 61.819: Total time for which application threads were stopped: 0.0248564 seconds, Stopping threads took: 0.0000179 seconds
2023-08-11T23:44:20.761-0800: 63.518: Application time: 1.6992024 seconds
2023-08-11T23:44:20.761-0800: 63.518: [GC (Allocation Failure) 2023-08-11T23:44:20.761-0800: 63.518: [ParNew: 1716257K->22170K(1887488K), 0.0158363 secs] 1717229K->23142K(3984640K), 0.0159161 secs] [Times: user=0.09 sys=0.01, real=0.01 secs] 
2023-08-11T23:44:20.777-0800: 63.534: Total time for which application threads were stopped: 0.0161127 seconds, Stopping threads took: 0.0000188 seconds
2023-08-11T23:44:22.165-0800: 64.923: Application time: 1.3888402 seconds
2023-08-11T23:44:22.166-0800: 64.923: [GC (Allocation Failure) 2023-08-11T23:44:22.166-0800: 64.923: [ParNew: 1699994K->42663K(1887488K), 0.0252599 secs] 1700966K->43635K(3984640K), 0.0253363 secs] [Times: user=0.15 sys=0.00, real=0.03 secs] 
2023-08-11T23:44:22.191-0800: 64.948: Total time for which application threads were stopped: 0.0254582 seconds, Stopping threads took: 0.0000167 seconds
2023-08-11T23:44:23.590-0800: 66.348: Application time: 1.3993726 seconds
2023-08-11T23:44:23.590-0800: 66.348: [GC (Allocation Failure) 2023-08-11T23:44:23.590-0800: 66.348: [ParNew: 1720487K->24632K(1887488K), 0.0140216 secs] 1721459K->25605K(3984640K), 0.0141203 secs] [Times: user=0.09 sys=0.00, real=0.01 secs] 
2023-08-11T23:44:23.605-0800: 66.362: Total time for which application threads were stopped: 0.0142497 seconds, Stopping threads took: 0.0000172 seconds
2023-08-11T23:44:24.969-0800: 67.727: Application time: 1.3648486 seconds
2023-08-11T23:44:24.970-0800: 67.727: [GC (Allocation Failure) 2023-08-11T23:44:24.970-0800: 67.727: [ParNew: 1702456K->37803K(1887488K), 0.0244259 secs] 1703429K->38775K(3984640K), 0.0245074 secs] [Times: user=0.15 sys=0.00, real=0.02 secs] 
2023-08-11T23:44:24.994-0800: 67.752: Total time for which application threads were stopped: 0.0246350 seconds, Stopping threads took: 0.0000160 seconds
2023-08-11T23:44:26.421-0800: 69.179: Application time: 1.4272526 seconds
2023-08-11T23:44:26.421-0800: 69.179: [GC (Allocation Failure) 2023-08-11T23:44:26.421-0800: 69.179: [ParNew: 1715627K->23289K(1887488K), 0.0231850 secs] 1716599K->24261K(3984640K), 0.0233881 secs] [Times: user=0.12 sys=0.00, real=0.02 secs] 
2023-08-11T23:44:26.445-0800: 69.202: Total time for which application threads were stopped: 0.0236431 seconds, Stopping threads took: 0.0000185 seconds
2023-08-11T23:44:27.885-0800: 70.643: Application time: 1.4403218 seconds
2023-08-11T23:44:27.885-0800: 70.643: [GC (Allocation Failure) 2023-08-11T23:44:27.885-0800: 70.643: [ParNew: 1696749K->38507K(1887488K), 0.0232188 secs] 1697721K->39479K(3984640K), 0.0232966 secs] [Times: user=0.15 sys=0.00, real=0.02 secs] 
2023-08-11T23:44:27.909-0800: 70.666: Total time for which application threads were stopped: 0.0234232 seconds, Stopping threads took: 0.0000169 seconds
2023-08-11T23:44:29.684-0800: 72.441: Application time: 1.7750516 seconds
2023-08-11T23:44:29.684-0800: 72.441: [GC (Allocation Failure) 2023-08-11T23:44:29.684-0800: 72.441: [ParNew: 1716331K->29421K(1887488K), 0.0178160 secs] 1717303K->30393K(3984640K), 0.0179270 secs] [Times: user=0.09 sys=0.00, real=0.02 secs] 
2023-08-11T23:44:29.702-0800: 72.459: Total time for which application threads were stopped: 0.0180918 seconds, Stopping threads took: 0.0000265 seconds
2023-08-11T23:44:31.148-0800: 73.906: Application time: 1.4463519 seconds
2023-08-11T23:44:31.148-0800: 73.906: [GC (Allocation Failure) 2023-08-11T23:44:31.148-0800: 73.906: [ParNew: 1701534K->38560K(1887488K), 0.0263375 secs] 1702506K->39532K(3984640K), 0.0264384 secs] [Times: user=0.15 sys=0.00, real=0.03 secs] 
2023-08-11T23:44:31.175-0800: 73.932: Total time for which application threads were stopped: 0.0265899 seconds, Stopping threads took: 0.0000195 seconds
2023-08-11T23:44:32.546-0800: 75.303: Application time: 1.3708874 seconds
2023-08-11T23:44:32.546-0800: 75.303: [GC (Allocation Failure) 2023-08-11T23:44:32.546-0800: 75.303: [ParNew: 1716384K->23497K(1887488K), 0.0149281 secs] 1717356K->24469K(3984640K), 0.0150216 secs] [Times: user=0.09 sys=0.00, real=0.02 secs] 
2023-08-11T23:44:32.561-0800: 75.318: Total time for which application threads were stopped: 0.0151534 seconds, Stopping threads took: 0.0000180 seconds
2023-08-11T23:44:33.901-0800: 76.658: Application time: 1.3396766 seconds
2023-08-11T23:44:33.901-0800: 76.658: [GC (Allocation Failure) 2023-08-11T23:44:33.901-0800: 76.658: [ParNew: 1695023K->39269K(1887488K), 0.0257037 secs] 1695995K->40241K(3984640K), 0.0257915 secs] [Times: user=0.15 sys=0.01, real=0.02 secs] 
2023-08-11T23:44:33.927-0800: 76.684: Total time for which application threads were stopped: 0.0259235 seconds, Stopping threads took: 0.0000164 seconds
2023-08-11T23:44:35.320-0800: 78.078: Application time: 1.3936780 seconds
2023-08-11T23:44:35.320-0800: 78.078: [GC (Allocation Failure) 2023-08-11T23:44:35.320-0800: 78.078: [ParNew: 1717093K->23663K(1887488K), 0.0163016 secs] 1718065K->24635K(3984640K), 0.0163880 secs] [Times: user=0.09 sys=0.00, real=0.01 secs] 
2023-08-11T23:44:35.337-0800: 78.094: Total time for which application threads were stopped: 0.0165249 seconds, Stopping threads took: 0.0000179 seconds
2023-08-11T23:44:36.667-0800: 79.424: Application time: 1.3301334 seconds
2023-08-11T23:44:36.667-0800: 79.424: [GC (Allocation Failure) 2023-08-11T23:44:36.667-0800: 79.424: [ParNew: 1696885K->39452K(1887488K), 0.0228866 secs] 1697857K->40424K(3984640K), 0.0229912 secs] [Times: user=0.14 sys=0.01, real=0.03 secs] 
2023-08-11T23:44:36.690-0800: 79.447: Total time for which application threads were stopped: 0.0231133 seconds, Stopping threads took: 0.0000172 seconds
2023-08-11T23:44:38.080-0800: 80.838: Application time: 1.3904288 seconds
2023-08-11T23:44:38.081-0800: 80.838: [GC (Allocation Failure) 2023-08-11T23:44:38.081-0800: 80.838: [ParNew: 1717276K->23443K(1887488K), 0.0132386 secs] 1718248K->24416K(3984640K), 0.0133146 secs] [Times: user=0.08 sys=0.00, real=0.01 secs] 
2023-08-11T23:44:38.094-0800: 80.851: Total time for which application threads were stopped: 0.0134311 seconds, Stopping threads took: 0.0000177 seconds
2023-08-11T23:44:39.689-0800: 82.447: Application time: 1.5953926 seconds
2023-08-11T23:44:39.689-0800: 82.447: [GC (Allocation Failure) 2023-08-11T23:44:39.689-0800: 82.447: [ParNew: 1701267K->39556K(1887488K), 0.0238549 secs] 1702240K->40528K(3984640K), 0.0239330 secs] [Times: user=0.14 sys=0.01, real=0.03 secs] 
2023-08-11T23:44:39.713-0800: 82.471: Total time for which application threads were stopped: 0.0240539 seconds, Stopping threads took: 0.0000157 seconds
2023-08-11T23:44:41.442-0800: 84.199: Application time: 1.7282294 seconds
2023-08-11T23:44:41.442-0800: 84.199: [GC (Allocation Failure) 2023-08-11T23:44:41.442-0800: 84.199: [ParNew: 1717380K->25973K(1887488K), 0.0192369 secs] 1718352K->26946K(3984640K), 0.0193157 secs] [Times: user=0.09 sys=0.00, real=0.02 secs] 
2023-08-11T23:44:41.461-0800: 84.218: Total time for which application threads were stopped: 0.0194792 seconds, Stopping threads took: 0.0000178 seconds
2023-08-11T23:44:43.070-0800: 85.828: Application time: 1.6091783 seconds
2023-08-11T23:44:43.070-0800: 85.828: [GC (Allocation Failure) 2023-08-11T23:44:43.070-0800: 85.828: [ParNew: 1703797K->37390K(1887488K), 0.0244931 secs] 1704770K->38362K(3984640K), 0.0245656 secs] [Times: user=0.14 sys=0.00, real=0.02 secs] 
2023-08-11T23:44:43.095-0800: 85.852: Total time for which application threads were stopped: 0.0246865 seconds, Stopping threads took: 0.0000154 seconds
2023-08-11T23:44:44.580-0800: 87.338: Application time: 1.4853072 seconds
2023-08-11T23:44:44.580-0800: 87.338: [GC (Allocation Failure) 2023-08-11T23:44:44.581-0800: 87.338: [ParNew: 1715214K->28238K(1887488K), 0.0175253 secs] 1716186K->29210K(3984640K), 0.0176249 secs] [Times: user=0.09 sys=0.00, real=0.01 secs] 
2023-08-11T23:44:44.598-0800: 87.355: Total time for which application threads were stopped: 0.0178077 seconds, Stopping threads took: 0.0000446 seconds
Heap
 par new generation   total 1887488K, used 302853K [0x0000000698c00000, 0x0000000718c00000, 0x0000000718c00000)
  eden space 1677824K,  16% used [0x0000000698c00000, 0x00000006a982db00, 0x00000006ff280000)
  from space 209664K,  13% used [0x00000006ff280000, 0x0000000700e13990, 0x000000070bf40000)
  to   space 209664K,   0% used [0x000000070bf40000, 0x000000070bf40000, 0x0000000718c00000)
 concurrent mark-sweep generation total 2097152K, used 972K [0x0000000718c00000, 0x0000000798c00000, 0x00000007f0800000)
 Metaspace       used 3722K, capacity 4540K, committed 4864K, reserved 1056768K
  class space    used 407K, capacity 428K, committed 512K, reserved 1048576K
2023-08-11T23:44:44.805-0800: 87.562: Application time: 0.2064294 seconds
