Java HotSpot(TM) 64-Bit Server VM (25.221-b11) for bsd-amd64 JRE (1.8.0_221-b11), built on Jul  4 2019 04:36:22 by "java_re" with gcc 4.2.1 (Based on Apple Inc. build 5658) (LLVM build 2336.11.00)
Memory: 4k page, physical 16777216k(626272k free)

/proc/meminfo:

CommandLine flags: -XX:+CMSClassUnloadingEnabled -XX:CMSFullGCsBeforeCompaction=0 -XX:CMSInitiatingOccupancyFraction=70 -XX:+CMSParallelRemarkEnabled -XX:+CMSScavengeBeforeRemark -XX:CompressedClassSpaceSize=260046848 -XX:ErrorFile=./log/jvm_error.log -XX:+ExplicitGCInvokesConcurrentAndUnloadsClasses -XX:+HeapDumpOnOutOfMemoryError -XX:HeapDumpPath=./log/hprof/ -XX:InitialHeapSize=4294967296 -XX:MaxHeapSize=5767168000 -XX:MaxMetaspaceSize=268435456 -XX:MaxNewSize=2147483648 -XX:MaxTenuringThreshold=6 -XX:MetaspaceSize=268435456 -XX:NewSize=2147483648 -XX:OldPLABSize=16 -XX:-OmitStackTraceInFastThrow -XX:+ParallelRefProcEnabled -XX:+PrintGC -XX:+PrintGCApplicationConcurrentTime -XX:+PrintGCApplicationStoppedTime -XX:+PrintGCDateStamps -XX:+PrintGCDetails -XX:+PrintGCTimeStamps -XX:+PrintSafepointStatistics -XX:PrintSafepointStatisticsCount=1 -XX:+ScavengeBeforeFullGC -XX:-UseBiasedLocking -XX:+UseCMSCompactAtFullCollection -XX:+UseCMSInitiatingOccupancyOnly -XX:+UseCompressedClassPointers -XX:+UseCompressedOops -XX:+UseConcMarkSweepGC -XX:-UseCounterDecay -XX:+UseParNewGC 
2023-08-11T23:45:18.662-0800: 1.045: Application time: 0.8355332 seconds
2023-08-11T23:45:18.665-0800: 1.047: Total time for which application threads were stopped: 0.0025217 seconds, Stopping threads took: 0.0024524 seconds
2023-08-11T23:45:19.668-0800: 2.050: Application time: 1.0031269 seconds
2023-08-11T23:45:19.668-0800: 2.051: Total time for which application threads were stopped: 0.0001916 seconds, Stopping threads took: 0.0000178 seconds
2023-08-11T23:45:22.232-0800: 4.614: Application time: 2.5636530 seconds
2023-08-11T23:45:22.232-0800: 4.614: [GC (Allocation Failure) 2023-08-11T23:45:22.232-0800: 4.614: [ParNew: 1677824K->11312K(1887488K), 0.0513630 secs] 1677824K->11312K(3984640K), 0.0516514 secs] [Times: user=0.11 sys=0.06, real=0.05 secs] 
2023-08-11T23:45:22.284-0800: 4.666: Total time for which application threads were stopped: 0.0519437 seconds, Stopping threads took: 0.0000204 seconds
2023-08-11T23:45:25.214-0800: 7.596: Application time: 2.9301901 seconds
2023-08-11T23:45:25.214-0800: 7.596: [GC (Allocation Failure) 2023-08-11T23:45:25.214-0800: 7.596: [ParNew: 1689100K->44175K(1887488K), 0.0460950 secs] 1689100K->44175K(3984640K), 0.0462044 secs] [Times: user=0.21 sys=0.03, real=0.05 secs] 
2023-08-11T23:45:25.261-0800: 7.643: Total time for which application threads were stopped: 0.0463592 seconds, Stopping threads took: 0.0000184 seconds
2023-08-11T23:45:27.259-0800: 9.642: Application time: 1.9988550 seconds
2023-08-11T23:45:27.260-0800: 9.642: [GC (Allocation Failure) 2023-08-11T23:45:27.260-0800: 9.642: [ParNew: 1721999K->23690K(1887488K), 0.0249803 secs] 1721999K->23690K(3984640K), 0.0251422 secs] [Times: user=0.08 sys=0.00, real=0.02 secs] 
2023-08-11T23:45:27.285-0800: 9.667: Total time for which application threads were stopped: 0.0253716 seconds, Stopping threads took: 0.0000335 seconds
2023-08-11T23:45:29.411-0800: 11.793: Application time: 2.1264800 seconds
2023-08-11T23:45:29.411-0800: 11.794: [GC (Allocation Failure) 2023-08-11T23:45:29.412-0800: 11.794: [ParNew: 1701514K->45301K(1887488K), 0.0432208 secs] 1701514K->45301K(3984640K), 0.0434453 secs] [Times: user=0.19 sys=0.01, real=0.04 secs] 
2023-08-11T23:45:29.455-0800: 11.837: Total time for which application threads were stopped: 0.0436359 seconds, Stopping threads took: 0.0000364 seconds
2023-08-11T23:45:31.463-0800: 13.845: Application time: 2.0078456 seconds
2023-08-11T23:45:31.463-0800: 13.845: [GC (Allocation Failure) 2023-08-11T23:45:31.463-0800: 13.845: [ParNew: 1723125K->38479K(1887488K), 0.0294394 secs] 1723125K->38479K(3984640K), 0.0295413 secs] [Times: user=0.16 sys=0.02, real=0.03 secs] 
2023-08-11T23:45:31.493-0800: 13.875: Total time for which application threads were stopped: 0.0296855 seconds, Stopping threads took: 0.0000188 seconds
2023-08-11T23:45:33.477-0800: 15.859: Application time: 1.9845435 seconds
2023-08-11T23:45:33.477-0800: 15.859: [GC (Allocation Failure) 2023-08-11T23:45:33.477-0800: 15.859: [ParNew: 1716303K->25093K(1887488K), 0.0170934 secs] 1716303K->25093K(3984640K), 0.0172544 secs] [Times: user=0.09 sys=0.00, real=0.02 secs] 
2023-08-11T23:45:33.495-0800: 15.877: Total time for which application threads were stopped: 0.0174087 seconds, Stopping threads took: 0.0000173 seconds
2023-08-11T23:45:34.498-0800: 16.880: Application time: 1.0034370 seconds
2023-08-11T23:45:34.499-0800: 16.881: Total time for which application threads were stopped: 0.0010116 seconds, Stopping threads took: 0.0009519 seconds
2023-08-11T23:45:35.321-0800: 17.703: Application time: 0.8221254 seconds
2023-08-11T23:45:35.321-0800: 17.703: [GC (Allocation Failure) 2023-08-11T23:45:35.321-0800: 17.703: [ParNew: 1696064K->40459K(1887488K), 0.0543166 secs] 1696064K->41431K(3984640K), 0.0544192 secs] [Times: user=0.19 sys=0.01, real=0.05 secs] 
2023-08-11T23:45:35.376-0800: 17.758: Total time for which application threads were stopped: 0.0545930 seconds, Stopping threads took: 0.0000180 seconds
2023-08-11T23:45:37.326-0800: 19.708: Application time: 1.9504310 seconds
2023-08-11T23:45:37.326-0800: 19.708: [GC (Allocation Failure) 2023-08-11T23:45:37.328-0800: 19.710: [ParNew: 1718283K->27576K(1887488K), 0.0299772 secs] 1719255K->28548K(3984640K), 0.0318794 secs] [Times: user=0.14 sys=0.01, real=0.03 secs] 
2023-08-11T23:45:37.358-0800: 19.740: Total time for which application threads were stopped: 0.0320979 seconds, Stopping threads took: 0.0000261 seconds
2023-08-11T23:45:39.672-0800: 22.054: Application time: 2.3139582 seconds
2023-08-11T23:45:39.672-0800: 22.054: [GC (Allocation Failure) 2023-08-11T23:45:39.673-0800: 22.055: [ParNew: 1705400K->21091K(1887488K), 0.0162656 secs] 1706372K->22063K(3984640K), 0.0173183 secs] [Times: user=0.08 sys=0.01, real=0.02 secs] 
2023-08-11T23:45:39.690-0800: 22.072: Total time for which application threads were stopped: 0.0175912 seconds, Stopping threads took: 0.0000311 seconds
2023-08-11T23:45:41.792-0800: 24.174: Application time: 2.1024293 seconds
2023-08-11T23:45:41.792-0800: 24.174: [GC (Allocation Failure) 2023-08-11T23:45:41.792-0800: 24.174: [ParNew: 1698915K->38298K(1887488K), 0.0296977 secs] 1699887K->39271K(3984640K), 0.0298291 secs] [Times: user=0.16 sys=0.00, real=0.03 secs] 
2023-08-11T23:45:41.822-0800: 24.204: Total time for which application threads were stopped: 0.0300332 seconds, Stopping threads took: 0.0000215 seconds
2023-08-11T23:45:43.338-0800: 25.720: Application time: 1.5159545 seconds
2023-08-11T23:45:43.338-0800: 25.720: [GC (Allocation Failure) 2023-08-11T23:45:43.338-0800: 25.720: [ParNew: 1716122K->27695K(1887488K), 0.0203018 secs] 1717095K->28667K(3984640K), 0.0203936 secs] [Times: user=0.11 sys=0.00, real=0.02 secs] 
2023-08-11T23:45:43.359-0800: 25.741: Total time for which application threads were stopped: 0.0205230 seconds, Stopping threads took: 0.0000173 seconds
2023-08-11T23:45:45.526-0800: 27.907: Application time: 2.1666796 seconds
2023-08-11T23:45:45.526-0800: 27.908: [GC (Allocation Failure) 2023-08-11T23:45:45.526-0800: 27.908: [ParNew: 1705519K->19023K(1887488K), 0.0136928 secs] 1706491K->19995K(3984640K), 0.0138711 secs] [Times: user=0.07 sys=0.00, real=0.02 secs] 
2023-08-11T23:45:45.540-0800: 27.922: Total time for which application threads were stopped: 0.0141057 seconds, Stopping threads took: 0.0000506 seconds
2023-08-11T23:45:47.139-0800: 29.521: Application time: 1.5995770 seconds
2023-08-11T23:45:47.139-0800: 29.521: [GC (Allocation Failure) 2023-08-11T23:45:47.139-0800: 29.521: [ParNew: 1696847K->37176K(1887488K), 0.0325328 secs] 1697819K->38149K(3984640K), 0.0326275 secs] [Times: user=0.16 sys=0.00, real=0.04 secs] 
2023-08-11T23:45:47.172-0800: 29.554: Total time for which application threads were stopped: 0.0327785 seconds, Stopping threads took: 0.0000191 seconds
2023-08-11T23:45:48.684-0800: 31.066: Application time: 1.5120950 seconds
2023-08-11T23:45:48.684-0800: 31.066: [GC (Allocation Failure) 2023-08-11T23:45:48.684-0800: 31.066: [ParNew: 1715000K->26697K(1887488K), 0.0282685 secs] 1715973K->27670K(3984640K), 0.0284127 secs] [Times: user=0.11 sys=0.00, real=0.03 secs] 
2023-08-11T23:45:48.713-0800: 31.095: Total time for which application threads were stopped: 0.0286059 seconds, Stopping threads took: 0.0000184 seconds
2023-08-11T23:45:50.757-0800: 33.138: Application time: 2.0437475 seconds
2023-08-11T23:45:50.757-0800: 33.138: [GC (Allocation Failure) 2023-08-11T23:45:50.757-0800: 33.138: [ParNew: 1704521K->15262K(1887488K), 0.0135227 secs] 1705494K->16234K(3984640K), 0.0136136 secs] [Times: user=0.06 sys=0.00, real=0.02 secs] 
2023-08-11T23:45:50.770-0800: 33.152: Total time for which application threads were stopped: 0.0137762 seconds, Stopping threads took: 0.0000202 seconds
2023-08-11T23:45:52.623-0800: 35.005: Application time: 1.8528871 seconds
2023-08-11T23:45:52.623-0800: 35.005: [GC (Allocation Failure) 2023-08-11T23:45:52.623-0800: 35.005: [ParNew: 1693086K->39581K(1887488K), 0.0692401 secs] 1694058K->40554K(3984640K), 0.2070763 secs] [Times: user=0.16 sys=0.01, real=0.21 secs] 
2023-08-11T23:45:52.831-0800: 35.212: Total time for which application threads were stopped: 0.2073136 seconds, Stopping threads took: 0.0000220 seconds
2023-08-11T23:45:54.681-0800: 37.063: Application time: 1.8504784 seconds
2023-08-11T23:45:54.681-0800: 37.063: [GC (Allocation Failure) 2023-08-11T23:45:54.681-0800: 37.063: [ParNew: 1717405K->29457K(1887488K), 0.0282578 secs] 1718378K->30430K(3984640K), 0.0283603 secs] [Times: user=0.12 sys=0.00, real=0.02 secs] 
2023-08-11T23:45:54.710-0800: 37.091: Total time for which application threads were stopped: 0.0285208 seconds, Stopping threads took: 0.0000212 seconds
2023-08-11T23:45:56.641-0800: 39.023: Application time: 1.9317602 seconds
2023-08-11T23:45:56.641-0800: 39.023: [GC (Allocation Failure) 2023-08-11T23:45:56.641-0800: 39.023: [ParNew: 1707281K->20964K(1887488K), 0.0102615 secs] 1708254K->21936K(3984640K), 0.0103482 secs] [Times: user=0.06 sys=0.00, real=0.01 secs] 
2023-08-11T23:45:56.652-0800: 39.034: Total time for which application threads were stopped: 0.0105179 seconds, Stopping threads took: 0.0000197 seconds
2023-08-11T23:45:57.653-0800: 40.034: Application time: 1.0007885 seconds
2023-08-11T23:45:57.653-0800: 40.035: Total time for which application threads were stopped: 0.0001314 seconds, Stopping threads took: 0.0000365 seconds
2023-08-11T23:45:58.483-0800: 40.865: Application time: 0.8302329 seconds
2023-08-11T23:45:58.483-0800: 40.865: [GC (Allocation Failure) 2023-08-11T23:45:58.483-0800: 40.865: [ParNew: 1692827K->38124K(1887488K), 0.0355755 secs] 1693799K->39096K(3984640K), 0.0356850 secs] [Times: user=0.15 sys=0.00, real=0.03 secs] 
2023-08-11T23:45:58.519-0800: 40.901: Total time for which application threads were stopped: 0.0358775 seconds, Stopping threads took: 0.0000256 seconds
2023-08-11T23:46:00.453-0800: 42.834: Application time: 1.9336294 seconds
2023-08-11T23:46:00.453-0800: 42.834: [GC (Allocation Failure) 2023-08-11T23:46:00.453-0800: 42.834: [ParNew: 1715948K->24969K(1887488K), 0.0245462 secs] 1716920K->25941K(3984640K), 0.0247622 secs] [Times: user=0.11 sys=0.01, real=0.02 secs] 
2023-08-11T23:46:00.478-0800: 42.859: Total time for which application threads were stopped: 0.0249776 seconds, Stopping threads took: 0.0000330 seconds
2023-08-11T23:46:02.656-0800: 45.038: Application time: 2.1788280 seconds
2023-08-11T23:46:02.656-0800: 45.038: [GC (Allocation Failure) 2023-08-11T23:46:02.657-0800: 45.038: [ParNew: 1702793K->18055K(1887488K), 0.0124500 secs] 1703765K->19027K(3984640K), 0.0125578 secs] [Times: user=0.06 sys=0.00, real=0.01 secs] 
2023-08-11T23:46:02.669-0800: 45.051: Total time for which application threads were stopped: 0.0127121 seconds, Stopping threads took: 0.0000200 seconds
2023-08-11T23:46:04.520-0800: 46.902: Application time: 1.8509405 seconds
2023-08-11T23:46:04.520-0800: 46.902: [GC (Allocation Failure) 2023-08-11T23:46:04.520-0800: 46.902: [ParNew: 1695879K->36829K(1887488K), 0.0316321 secs] 1696851K->37801K(3984640K), 0.0317394 secs] [Times: user=0.16 sys=0.00, real=0.03 secs] 
2023-08-11T23:46:04.552-0800: 46.934: Total time for which application threads were stopped: 0.0318916 seconds, Stopping threads took: 0.0000219 seconds
2023-08-11T23:46:06.535-0800: 48.917: Application time: 1.9834826 seconds
2023-08-11T23:46:06.536-0800: 48.917: [GC (Allocation Failure) 2023-08-11T23:46:06.536-0800: 48.917: [ParNew: 1714653K->29003K(1887488K), 0.0209856 secs] 1715625K->29975K(3984640K), 0.0210979 secs] [Times: user=0.13 sys=0.00, real=0.02 secs] 
2023-08-11T23:46:06.557-0800: 48.938: Total time for which application threads were stopped: 0.0212645 seconds, Stopping threads took: 0.0000215 seconds
2023-08-11T23:46:08.399-0800: 50.781: Application time: 1.8426475 seconds
2023-08-11T23:46:08.399-0800: 50.781: [GC (Allocation Failure) 2023-08-11T23:46:08.400-0800: 50.781: [ParNew: 1706827K->18163K(1887488K), 0.0163312 secs] 1707799K->19135K(3984640K), 0.0164223 secs] [Times: user=0.06 sys=0.00, real=0.02 secs] 
2023-08-11T23:46:08.416-0800: 50.798: Total time for which application threads were stopped: 0.0165953 seconds, Stopping threads took: 0.0000194 seconds
2023-08-11T23:46:10.271-0800: 52.653: Application time: 1.8549773 seconds
2023-08-11T23:46:10.271-0800: 52.653: [GC (Allocation Failure) 2023-08-11T23:46:10.271-0800: 52.653: [ParNew: 1695987K->37695K(1887488K), 0.0356633 secs] 1696959K->38667K(3984640K), 0.0358006 secs] [Times: user=0.16 sys=0.01, real=0.03 secs] 
2023-08-11T23:46:10.307-0800: 52.689: Total time for which application threads were stopped: 0.0359845 seconds, Stopping threads took: 0.0000215 seconds
2023-08-11T23:46:12.123-0800: 54.504: Application time: 1.8156835 seconds
2023-08-11T23:46:12.123-0800: 54.504: [GC (Allocation Failure) 2023-08-11T23:46:12.123-0800: 54.504: [ParNew: 1715519K->32186K(1887488K), 0.0253516 secs] 1716491K->33159K(3984640K), 0.0254579 secs] [Times: user=0.13 sys=0.00, real=0.02 secs] 
2023-08-11T23:46:12.148-0800: 54.530: Total time for which application threads were stopped: 0.0256261 seconds, Stopping threads took: 0.0000174 seconds
2023-08-11T23:46:14.095-0800: 56.476: Application time: 1.9465827 seconds
2023-08-11T23:46:14.095-0800: 56.477: [GC (Allocation Failure) 2023-08-11T23:46:14.095-0800: 56.477: [ParNew: 1710010K->15842K(1887488K), 0.0126703 secs] 1710983K->16814K(3984640K), 0.0127457 secs] [Times: user=0.07 sys=0.00, real=0.01 secs] 
2023-08-11T23:46:14.108-0800: 56.489: Total time for which application threads were stopped: 0.0128896 seconds, Stopping threads took: 0.0000179 seconds
2023-08-11T23:46:16.006-0800: 58.388: Application time: 1.8985211 seconds
2023-08-11T23:46:16.006-0800: 58.388: [GC (Allocation Failure) 2023-08-11T23:46:16.006-0800: 58.388: [ParNew: 1693666K->36528K(1887488K), 0.0295712 secs] 1694638K->37500K(3984640K), 0.0296614 secs] [Times: user=0.16 sys=0.00, real=0.03 secs] 
2023-08-11T23:46:16.036-0800: 58.418: Total time for which application threads were stopped: 0.0298096 seconds, Stopping threads took: 0.0000205 seconds
2023-08-11T23:46:17.945-0800: 60.327: Application time: 1.9092637 seconds
2023-08-11T23:46:17.946-0800: 60.327: [GC (Allocation Failure) 2023-08-11T23:46:17.946-0800: 60.327: [ParNew: 1714352K->32257K(1887488K), 0.0257482 secs] 1715324K->33229K(3984640K), 0.0258362 secs] [Times: user=0.12 sys=0.01, real=0.03 secs] 
2023-08-11T23:46:17.971-0800: 60.353: Total time for which application threads were stopped: 0.0260129 seconds, Stopping threads took: 0.0000189 seconds
2023-08-11T23:46:19.896-0800: 62.278: Application time: 1.9249261 seconds
2023-08-11T23:46:19.897-0800: 62.278: [GC (Allocation Failure) 2023-08-11T23:46:19.897-0800: 62.278: [ParNew: 1710081K->18421K(1887488K), 0.0165606 secs] 1711053K->19394K(3984640K), 0.0166695 secs] [Times: user=0.07 sys=0.00, real=0.02 secs] 
2023-08-11T23:46:19.913-0800: 62.295: Total time for which application threads were stopped: 0.0169425 seconds, Stopping threads took: 0.0000736 seconds
2023-08-11T23:46:21.737-0800: 64.119: Application time: 1.8236642 seconds
2023-08-11T23:46:21.737-0800: 64.119: [GC (Allocation Failure) 2023-08-11T23:46:21.737-0800: 64.119: [ParNew: 1696245K->37342K(1887488K), 0.0287829 secs] 1697218K->38314K(3984640K), 0.0289870 secs] [Times: user=0.17 sys=0.00, real=0.03 secs] 
2023-08-11T23:46:21.766-0800: 64.148: Total time for which application threads were stopped: 0.0292005 seconds, Stopping threads took: 0.0000354 seconds
2023-08-11T23:46:23.624-0800: 66.006: Application time: 1.8578193 seconds
2023-08-11T23:46:23.624-0800: 66.006: [GC (Allocation Failure) 2023-08-11T23:46:23.624-0800: 66.006: [ParNew: 1715166K->31863K(1887488K), 0.0222717 secs] 1716138K->32836K(3984640K), 0.0223697 secs] [Times: user=0.11 sys=0.01, real=0.02 secs] 
2023-08-11T23:46:23.647-0800: 66.028: Total time for which application threads were stopped: 0.0225370 seconds, Stopping threads took: 0.0000205 seconds
2023-08-11T23:46:25.557-0800: 67.939: Application time: 1.9107531 seconds
2023-08-11T23:46:25.557-0800: 67.939: [GC (Allocation Failure) 2023-08-11T23:46:25.558-0800: 67.939: [ParNew: 1709687K->11015K(1887488K), 0.0117199 secs] 1710660K->11987K(3984640K), 0.0118050 secs] [Times: user=0.06 sys=0.00, real=0.01 secs] 
2023-08-11T23:46:25.569-0800: 67.951: Total time for which application threads were stopped: 0.0119635 seconds, Stopping threads took: 0.0000194 seconds
2023-08-11T23:46:27.412-0800: 69.794: Application time: 1.8427535 seconds
2023-08-11T23:46:27.412-0800: 69.794: [GC (Allocation Failure) 2023-08-11T23:46:27.412-0800: 69.794: [ParNew: 1688839K->35374K(1887488K), 0.0330576 secs] 1689811K->36346K(3984640K), 0.0331733 secs] [Times: user=0.15 sys=0.00, real=0.03 secs] 
2023-08-11T23:46:27.446-0800: 69.827: Total time for which application threads were stopped: 0.0333648 seconds, Stopping threads took: 0.0000215 seconds
2023-08-11T23:46:29.441-0800: 71.822: Application time: 1.9953192 seconds
2023-08-11T23:46:29.441-0800: 71.822: [GC (Allocation Failure) 2023-08-11T23:46:29.441-0800: 71.822: [ParNew: 1713198K->29907K(1887488K), 0.0276592 secs] 1714170K->30879K(3984640K), 0.0278088 secs] [Times: user=0.11 sys=0.00, real=0.02 secs] 
2023-08-11T23:46:29.469-0800: 71.850: Total time for which application threads were stopped: 0.0280125 seconds, Stopping threads took: 0.0000359 seconds
2023-08-11T23:46:31.409-0800: 73.790: Application time: 1.9397250 seconds
2023-08-11T23:46:31.409-0800: 73.790: [GC (Allocation Failure) 2023-08-11T23:46:31.409-0800: 73.790: [ParNew: 1707731K->21613K(1887488K), 0.0106209 secs] 1708703K->22585K(3984640K), 0.0107504 secs] [Times: user=0.06 sys=0.00, real=0.02 secs] 
2023-08-11T23:46:31.420-0800: 73.801: Total time for which application threads were stopped: 0.0109425 seconds, Stopping threads took: 0.0000218 seconds
2023-08-11T23:46:33.266-0800: 75.648: Application time: 1.8468980 seconds
2023-08-11T23:46:33.267-0800: 75.648: [GC (Allocation Failure) 2023-08-11T23:46:33.267-0800: 75.648: [ParNew: 1699437K->37528K(1887488K), 0.0336390 secs] 1700409K->38500K(3984640K), 0.0337460 secs] [Times: user=0.16 sys=0.00, real=0.04 secs] 
2023-08-11T23:46:33.300-0800: 75.682: Total time for which application threads were stopped: 0.0339056 seconds, Stopping threads took: 0.0000203 seconds
2023-08-11T23:46:35.247-0800: 77.628: Application time: 1.9464081 seconds
2023-08-11T23:46:35.247-0800: 77.628: [GC (Allocation Failure) 2023-08-11T23:46:35.247-0800: 77.628: [ParNew: 1715352K->34719K(1887488K), 0.0293209 secs] 1716324K->35691K(3984640K), 0.0294583 secs] [Times: user=0.13 sys=0.01, real=0.03 secs] 
2023-08-11T23:46:35.277-0800: 77.658: Total time for which application threads were stopped: 0.0296917 seconds, Stopping threads took: 0.0000208 seconds
2023-08-11T23:46:37.186-0800: 79.567: Application time: 1.9094974 seconds
2023-08-11T23:46:37.186-0800: 79.567: [GC (Allocation Failure) 2023-08-11T23:46:37.186-0800: 79.568: [ParNew: 1712543K->12914K(1887488K), 0.0176974 secs] 1713515K->13886K(3984640K), 0.0178334 secs] [Times: user=0.07 sys=0.00, real=0.02 secs] 
2023-08-11T23:46:37.204-0800: 79.585: Total time for which application threads were stopped: 0.0180500 seconds, Stopping threads took: 0.0000213 seconds
2023-08-11T23:46:39.015-0800: 81.396: Application time: 1.8109645 seconds
2023-08-11T23:46:39.015-0800: 81.396: [GC (Allocation Failure) 2023-08-11T23:46:39.015-0800: 81.397: [ParNew: 1690738K->38612K(1887488K), 0.0303868 secs] 1691710K->39584K(3984640K), 0.0305165 secs] [Times: user=0.17 sys=0.00, real=0.03 secs] 
2023-08-11T23:46:39.046-0800: 81.427: Total time for which application threads were stopped: 0.0306765 seconds, Stopping threads took: 0.0000195 seconds
2023-08-11T23:46:40.787-0800: 83.168: Application time: 1.7410069 seconds
2023-08-11T23:46:40.787-0800: 83.168: [GC (Allocation Failure) 2023-08-11T23:46:40.787-0800: 83.168: [ParNew: 1716436K->35624K(1887488K), 0.0272121 secs] 1717408K->36596K(3984640K), 0.0273177 secs] [Times: user=0.13 sys=0.01, real=0.03 secs] 
2023-08-11T23:46:40.814-0800: 83.196: Total time for which application threads were stopped: 0.0274996 seconds, Stopping threads took: 0.0000186 seconds
2023-08-11T23:46:42.802-0800: 85.183: Application time: 1.9872462 seconds
2023-08-11T23:46:42.802-0800: 85.183: [GC (Allocation Failure) 2023-08-11T23:46:42.802-0800: 85.183: [ParNew: 1713448K->12059K(1887488K), 0.0140103 secs] 1714420K->13031K(3984640K), 0.0141223 secs] [Times: user=0.06 sys=0.00, real=0.01 secs] 
2023-08-11T23:46:42.816-0800: 85.197: Total time for which application threads were stopped: 0.0143056 seconds, Stopping threads took: 0.0000244 seconds
2023-08-11T23:46:44.658-0800: 87.039: Application time: 1.8423532 seconds
2023-08-11T23:46:44.658-0800: 87.040: [GC (Allocation Failure) 2023-08-11T23:46:44.658-0800: 87.040: [ParNew: 1689883K->39358K(1887488K), 0.0310073 secs] 1690855K->40330K(3984640K), 0.0310954 secs] [Times: user=0.16 sys=0.01, real=0.03 secs] 
2023-08-11T23:46:44.689-0800: 87.071: Total time for which application threads were stopped: 0.0312422 seconds, Stopping threads took: 0.0000181 seconds
2023-08-11T23:46:46.833-0800: 89.215: Application time: 2.1438897 seconds
2023-08-11T23:46:46.833-0800: 89.215: [GC (Allocation Failure) 2023-08-11T23:46:46.834-0800: 89.215: [ParNew: 1717182K->25373K(1887488K), 0.0347969 secs] 1718154K->26345K(3984640K), 0.0348755 secs] [Times: user=0.11 sys=0.01, real=0.03 secs] 
2023-08-11T23:46:46.868-0800: 89.250: Total time for which application threads were stopped: 0.0350335 seconds, Stopping threads took: 0.0000196 seconds
2023-08-11T23:46:49.035-0800: 91.416: Application time: 2.1665479 seconds
2023-08-11T23:46:49.035-0800: 91.416: [GC (Allocation Failure) 2023-08-11T23:46:49.035-0800: 91.416: [ParNew: 1703197K->20256K(1887488K), 0.0123725 secs] 1704169K->21228K(3984640K), 0.0124687 secs] [Times: user=0.08 sys=0.00, real=0.01 secs] 
2023-08-11T23:46:49.048-0800: 91.429: Total time for which application threads were stopped: 0.0126737 seconds, Stopping threads took: 0.0000191 seconds
2023-08-11T23:46:50.606-0800: 92.988: Application time: 1.5586211 seconds
2023-08-11T23:46:50.606-0800: 92.988: [GC (Allocation Failure) 2023-08-11T23:46:50.606-0800: 92.988: [ParNew: 1698080K->37990K(1887488K), 0.0354660 secs] 1699052K->38962K(3984640K), 0.0355761 secs] [Times: user=0.16 sys=0.00, real=0.04 secs] 
2023-08-11T23:46:50.642-0800: 93.023: Total time for which application threads were stopped: 0.0357746 seconds, Stopping threads took: 0.0000208 seconds
2023-08-11T23:46:52.595-0800: 94.976: Application time: 1.9530870 seconds
2023-08-11T23:46:52.595-0800: 94.976: [GC (Allocation Failure) 2023-08-11T23:46:52.595-0800: 94.977: [ParNew: 1715814K->31729K(1887488K), 0.0289576 secs] 1716786K->32702K(3984640K), 0.0290537 secs] [Times: user=0.12 sys=0.01, real=0.03 secs] 
2023-08-11T23:46:52.624-0800: 95.006: Total time for which application threads were stopped: 0.0292254 seconds, Stopping threads took: 0.0000194 seconds
2023-08-11T23:46:54.480-0800: 96.861: Application time: 1.8557054 seconds
2023-08-11T23:46:54.480-0800: 96.861: [GC (Allocation Failure) 2023-08-11T23:46:54.480-0800: 96.861: [ParNew: 1709553K->20634K(1887488K), 0.0114375 secs] 1710526K->21606K(3984640K), 0.0115271 secs] [Times: user=0.06 sys=0.00, real=0.01 secs] 
2023-08-11T23:46:54.492-0800: 96.873: Total time for which application threads were stopped: 0.0116977 seconds, Stopping threads took: 0.0000189 seconds
2023-08-11T23:46:56.026-0800: 98.408: Application time: 1.5345606 seconds
2023-08-11T23:46:56.027-0800: 98.408: [GC (Allocation Failure) 2023-08-11T23:46:56.027-0800: 98.408: [ParNew: 1698458K->38156K(1887488K), 0.0328327 secs] 1699430K->39128K(3984640K), 0.0329459 secs] [Times: user=0.15 sys=0.00, real=0.04 secs] 
2023-08-11T23:46:56.060-0800: 98.441: Total time for which application threads were stopped: 0.0331747 seconds, Stopping threads took: 0.0000463 seconds
2023-08-11T23:46:58.282-0800: 100.663: Application time: 2.2224390 seconds
2023-08-11T23:46:58.282-0800: 100.663: [GC (Allocation Failure) 2023-08-11T23:46:58.282-0800: 100.663: [ParNew: 1715980K->30454K(1887488K), 0.0363225 secs] 1716952K->31426K(3984640K), 0.0364279 secs] [Times: user=0.13 sys=0.01, real=0.03 secs] 
2023-08-11T23:46:58.319-0800: 100.700: Total time for which application threads were stopped: 0.0366291 seconds, Stopping threads took: 0.0000194 seconds
2023-08-11T23:47:01.098-0800: 103.479: Application time: 2.7796056 seconds
2023-08-11T23:47:01.099-0800: 103.480: [GC (Allocation Failure) 2023-08-11T23:47:01.099-0800: 103.480: [ParNew: 1708278K->18652K(1887488K), 0.0482495 secs] 1709250K->19625K(3984640K), 0.0484482 secs] [Times: user=0.07 sys=0.00, real=0.05 secs] 
2023-08-11T23:47:01.147-0800: 103.528: Total time for which application threads were stopped: 0.0487551 seconds, Stopping threads took: 0.0000528 seconds
2023-08-11T23:47:03.955-0800: 106.336: Application time: 2.8080254 seconds
2023-08-11T23:47:03.955-0800: 106.336: [GC (Allocation Failure) 2023-08-11T23:47:03.955-0800: 106.336: [ParNew: 1696476K->38365K(1887488K), 0.0357021 secs] 1697449K->39337K(3984640K), 0.0358386 secs] [Times: user=0.16 sys=0.00, real=0.04 secs] 
2023-08-11T23:47:03.991-0800: 106.372: Total time for which application threads were stopped: 0.0360609 seconds, Stopping threads took: 0.0000206 seconds
2023-08-11T23:47:05.844-0800: 108.225: Application time: 1.8528498 seconds
2023-08-11T23:47:05.844-0800: 108.225: [GC (Allocation Failure) 2023-08-11T23:47:05.844-0800: 108.225: [ParNew: 1716189K->29606K(1887488K), 0.0248946 secs] 1717161K->30578K(3984640K), 0.0250355 secs] [Times: user=0.12 sys=0.00, real=0.02 secs] 
2023-08-11T23:47:05.869-0800: 108.250: Total time for which application threads were stopped: 0.0252839 seconds, Stopping threads took: 0.0000195 seconds
2023-08-11T23:47:07.960-0800: 110.341: Application time: 2.0905432 seconds
2023-08-11T23:47:07.960-0800: 110.341: [GC (Allocation Failure) 2023-08-11T23:47:07.960-0800: 110.341: [ParNew: 1707430K->20994K(1887488K), 0.0121857 secs] 1708402K->21966K(3984640K), 0.0122710 secs] [Times: user=0.06 sys=0.00, real=0.01 secs] 
2023-08-11T23:47:07.972-0800: 110.353: Total time for which application threads were stopped: 0.0124135 seconds, Stopping threads took: 0.0000187 seconds
2023-08-11T23:47:10.465-0800: 112.846: Application time: 2.4921309 seconds
2023-08-11T23:47:10.465-0800: 112.846: [GC (Allocation Failure) 2023-08-11T23:47:10.466-0800: 112.847: [ParNew: 1698818K->36512K(1887488K), 0.0533089 secs] 1699790K->37484K(3984640K), 0.0544369 secs] [Times: user=0.17 sys=0.00, real=0.05 secs] 
2023-08-11T23:47:10.519-0800: 112.900: Total time for which application threads were stopped: 0.0547616 seconds, Stopping threads took: 0.0000911 seconds
2023-08-11T23:47:12.346-0800: 114.727: Application time: 1.8263598 seconds
2023-08-11T23:47:12.346-0800: 114.727: [GC (Allocation Failure) 2023-08-11T23:47:12.346-0800: 114.727: [ParNew: 1714336K->27691K(1887488K), 0.0234904 secs] 1715308K->28663K(3984640K), 0.0235858 secs] [Times: user=0.12 sys=0.01, real=0.02 secs] 
2023-08-11T23:47:12.369-0800: 114.750: Total time for which application threads were stopped: 0.0237358 seconds, Stopping threads took: 0.0000181 seconds
Heap
 par new generation   total 1887488K, used 1251078K [0x0000000698c00000, 0x0000000718c00000, 0x0000000718c00000)
  eden space 1677824K,  72% used [0x0000000698c00000, 0x00000006e36b6c48, 0x00000006ff280000)
  from space 209664K,  13% used [0x00000006ff280000, 0x0000000700d8ad50, 0x000000070bf40000)
  to   space 209664K,   0% used [0x000000070bf40000, 0x000000070bf40000, 0x0000000718c00000)
 concurrent mark-sweep generation total 2097152K, used 972K [0x0000000718c00000, 0x0000000798c00000, 0x00000007f0800000)
 Metaspace       used 3739K, capacity 4540K, committed 4864K, reserved 1056768K
  class space    used 407K, capacity 428K, committed 512K, reserved 1048576K
2023-08-11T23:47:13.962-0800: 116.343: Application time: 1.5926007 seconds
